command=lake build
resolved_default_target=NumStability
resolved_root_module=NumStability
root_source=NumStability.lean
root_direct_import=NumStability.All
cwd=<library-repo>/tmp/library_audit/higham_v01-045daf2/_worktree
start_utc=2026-09-03T08:12:21Z
start_local=2026-09-03T11:12:21+0300
pre_root_build_exists=no
pre_git_status_begin
## HEAD (no branch)
pre_git_status_end
exit_status=1
end_utc=2026-09-03T08:14:02Z
end_local=2026-09-03T11:14:02+0300
post_root_build_exists=yes
post_git_status_begin
## HEAD (no branch)
post_git_status_end
project_olean_count=61
project_ilean_count=61
