command=lake build
classification=cached same-commit full build
timing_use=verification only; not clean or fresh compilation timing
cached_output_origin=APFS clone of caller checkout .lake/build
source_commit=045daf28056a6e4358d5de7c22c7a9d7acc2e80e
caller_and_isolated_commit_match=yes (verified by parent and isolated HEAD)
resolved_default_target=NumStability
resolved_root_module=NumStability
root_direct_import=NumStability.All
cwd=<library-repo>/tmp/library_audit/higham_v01-045daf2/_worktree
start_utc=2026-09-03T08:18:35Z
start_local=2026-09-03T11:18:35+0300
pre_available_kib=7403700
pre_git_status_begin
## HEAD (no branch)
pre_git_status_end
exit_status=0
end_utc=2026-09-03T08:18:37Z
end_local=2026-09-03T11:18:37+0300
post_available_kib=7403056
available_space_decrease_kib=644
one_gib_guard_exceeded=no
post_git_status_begin
## HEAD (no branch)
post_git_status_end
project_olean_count=2866
project_ilean_count=2866
