real 3.45
user 1.29
sys 1.40
          1953202176  maximum resident set size
                   0  average shared memory size
                   0  average unshared data size
                   0  average unshared stack size
              202005  page reclaims
                8810  page faults
                   0  swaps
                   0  block input operations
                   0  block output operations
                   0  messages sent
                   0  messages received
                   0  signals received
                1002  voluntary context switches
                8897  involuntary context switches
          3300495455  instructions retired
          1689132294  cycles elapsed
           128753472  peak memory footprint
