real 12.32
user 2.16
sys 2.91
          3521150976  maximum resident set size
                   0  average shared memory size
                   0  average unshared data size
                   0  average unshared stack size
              271048  page reclaims
               61265  page faults
                   0  swaps
                   0  block input operations
                   0  block output operations
                   0  messages sent
                   0  messages received
                   0  signals received
                 780  voluntary context switches
               60736  involuntary context switches
          2705514082  instructions retired
          1383433611  cycles elapsed
           128556992  peak memory footprint
