real 4.90
user 2.35
sys 2.42
          3708813312  maximum resident set size
                   0  average shared memory size
                   0  average unshared data size
                   0  average unshared stack size
              342688  page reclaims
                 507  page faults
                   0  swaps
                   0  block input operations
                   0  block output operations
                   0  messages sent
                   0  messages received
                   0  signals received
                  96  voluntary context switches
                5687  involuntary context switches
          2818334726  instructions retired
          1350136984  cycles elapsed
           129032064  peak memory footprint
