real 3.15
user 1.81
sys 1.27
          2003763200  maximum resident set size
                   0  average shared memory size
                   0  average unshared data size
                   0  average unshared stack size
              213534  page reclaims
                1915  page faults
                   0  swaps
                   0  block input operations
                   0  block output operations
                   0  messages sent
                   0  messages received
                   0  signals received
                  40  voluntary context switches
                6389  involuntary context switches
          2805336726  instructions retired
          1346370167  cycles elapsed
           128556864  peak memory footprint
