real 2.60
user 1.46
sys 1.22
          1997799424  maximum resident set size
                   0  average shared memory size
                   0  average unshared data size
                   0  average unshared stack size
              213419  page reclaims
                 189  page faults
                   0  swaps
                   0  block input operations
                   0  block output operations
                   0  messages sent
                   0  messages received
                   0  signals received
                  39  voluntary context switches
                6320  involuntary context switches
          2702336533  instructions retired
          1328589517  cycles elapsed
           128556800  peak memory footprint
