real 9.10
user 12.38
sys 1.99
          2770894848  maximum resident set size
                   0  average shared memory size
                   0  average unshared data size
                   0  average unshared stack size
              271595  page reclaims
                2777  page faults
                   0  swaps
                   0  block input operations
                   0  block output operations
                   0  messages sent
                   0  messages received
                   0  signals received
                 206  voluntary context switches
               55169  involuntary context switches
          2781069294  instructions retired
          1241521375  cycles elapsed
           130736064  peak memory footprint
