real 11.96
user 30.14
sys 2.40
          2804449280  maximum resident set size
                   0  average shared memory size
                   0  average unshared data size
                   0  average unshared stack size
              275655  page reclaims
                 822  page faults
                   0  swaps
                   0  block input operations
                   0  block output operations
                   0  messages sent
                   0  messages received
                   0  signals received
                 228  voluntary context switches
               96699  involuntary context switches
          2808028309  instructions retired
          1342587004  cycles elapsed
           128540480  peak memory footprint
