real 15.57
user 33.86
sys 3.20
          3134177280  maximum resident set size
                   0  average shared memory size
                   0  average unshared data size
                   0  average unshared stack size
              280400  page reclaims
               21693  page faults
                   0  swaps
                   0  block input operations
                   0  block output operations
                   0  messages sent
                   0  messages received
                   0  signals received
                3009  voluntary context switches
              128934  involuntary context switches
          2748860843  instructions retired
          1288504090  cycles elapsed
           128769792  peak memory footprint
