real 3.69
user 1.86
sys 1.76
          3073130496  maximum resident set size
                   0  average shared memory size
                   0  average unshared data size
                   0  average unshared stack size
              293019  page reclaims
                 244  page faults
                   0  swaps
                   0  block input operations
                   0  block output operations
                   0  messages sent
                   0  messages received
                   0  signals received
                 144  voluntary context switches
                3511  involuntary context switches
          2824979463  instructions retired
          1228551167  cycles elapsed
           128720640  peak memory footprint
