real 55.95
user 122.81
sys 5.35
          3709337600  maximum resident set size
                   0  average shared memory size
                   0  average unshared data size
                   0  average unshared stack size
              354559  page reclaims
              100276  page faults
                   0  swaps
                   0  block input operations
                   0  block output operations
                   0  messages sent
                   0  messages received
                   0  signals received
                5429  voluntary context switches
              361502  involuntary context switches
          3613746111  instructions retired
          1628146640  cycles elapsed
           128425664  peak memory footprint
