real 8.80
user 4.64
sys 2.20
          3119775744  maximum resident set size
                   0  average shared memory size
                   0  average unshared data size
                   0  average unshared stack size
              257335  page reclaims
               46835  page faults
                   0  swaps
                   0  block input operations
                   0  block output operations
                   0  messages sent
                   0  messages received
                   0  signals received
                8213  voluntary context switches
               40520  involuntary context switches
          3204165558  instructions retired
          1464941003  cycles elapsed
           128786176  peak memory footprint
